{"Colets": 177.94, "Holiday pay": 22.24, "Student monthly": 833.67}